// Jest Snapshot v1, https://goo.gl/fbAQLP

exports[`App.vue render matches snapshot 1`] = `
<div id="app">
    <header class="main__header"></header>
    <div class="container">
        <!---->
        <div class="app">
            <router-view></router-view>
        </div>
    </div>
</div>
`;
